// Jest Snapshot v1, https://goo.gl/fbAQLP

exports[`>>>H O M E --- Snapshot +++capturing Snapshot of Home 1`] = `
<div
  className="container Home"
>
  <h1>
    Landing Page
  </h1>
</div>
`;
